
Memory Configuration

Name             Origin             Length             Attributes
ram              0x00008000         0x00018000
*default*        0x00000000         0xffffffff

Linker script and memory map

LOAD build/boot.o
LOAD build/gpio.o
LOAD build/main.o

.text           0x00008000      0x198
 *(.text*)
 .text          0x00008000        0xc build/boot.o
                0x00008000                _start
 .text          0x0000800c       0xdc build/gpio.o
                0x0000800c                convert_pin_to_gpio
                0x00008064                convert_gpio_to_pin
                0x000080bc                mmio_write
 .text          0x000080e8       0xb0 build/main.o
                0x000080e8                delay
                0x0000812c                main

.glue_7         0x00008198        0x0
 .glue_7        0x00000000        0x0 linker stubs

.glue_7t        0x00008198        0x0
 .glue_7t       0x00000000        0x0 linker stubs

.vfp11_veneer   0x00008198        0x0
 .vfp11_veneer  0x00000000        0x0 linker stubs

.v4_bx          0x00008198        0x0
 .v4_bx         0x00000000        0x0 linker stubs

.iplt           0x00008198        0x0
 .iplt          0x00000000        0x0 build/boot.o

.rel.dyn        0x00008198        0x0
 .rel.iplt      0x00000000        0x0 build/boot.o

.bss            0x00008198        0x0
 *(.bss*)
 .bss           0x00008198        0x0 build/boot.o
 .bss           0x00008198        0x0 build/gpio.o
 .bss           0x00008198        0x0 build/main.o

.rodata
 *(.rodata*)

.data           0x00008198       0x4c
 *(.data*)
 .data          0x00008198        0x0 build/boot.o
 .data          0x00008198       0x48 build/gpio.o
                0x0000819c                pin_to_gpio_array
                0x000081c4                gpio_to_pin_array
 .data          0x000081e0        0x4 build/main.o
OUTPUT(build/output.elf elf32-littlearm)

.igot.plt       0x000081e4        0x0
 .igot.plt      0x00000000        0x0 build/boot.o

.ARM.attributes
                0x00000000       0x33
 .ARM.attributes
                0x00000000       0x14 build/boot.o
 .ARM.attributes
                0x00000014       0x37 build/gpio.o
 .ARM.attributes
                0x0000004b       0x37 build/main.o

.comment        0x00000000       0x11
 .comment       0x00000000       0x11 build/gpio.o
                                 0x12 (size before relaxing)
 .comment       0x00000000       0x12 build/main.o
